{
    "pipeline": "pipeline_id",
    "job details": {
        "job category": "preprocessing",
        "job name": "license",
        "job type": "pure python",
        "job id": "job_id",
        "start_time": "2025-02-07 13:45:24",
        "end_time": "2025-02-07 13:45:26",
        "status": "success"
    },
    "code": {
        "github": "github",
        "commit_hash": "12345",
        "path": "path"
    },
    "job_input_params": {
        "license_column": "license",
        "checkpointing": false,
        "max_files": -1,
        "random_samples": -1,
        "files_to_use": [".parquet"],
        "num_processors": 0
    },
    "execution_stats": {
        "cpus": 24.2,
        "gpus": 0,
        "memory": 15.3,
        "object_store": 0,
        "execution time, min": 0.019
    },
    "job_output_stats": {
        "source_files": 1,
        "source_size": 525534,
        "result_files": 0,
        "processing_time": 0.455,
        "source_doc_count": 424,
        "result_doc_count": 0,
        "% with license none": 100.0
    },
    "source": {
        "name": null,
        "type": "path"
    },
    "target": {
        "name": "/Users/borisl/Projects/dpk/transforms/universal/license_validator/python/output",
        "type": "path"
    }
}
