{
    "pipeline": "pipeline_id",
    "job details": {
        "job category": "preprocessing",
        "job name": "explorer",
        "job type": "pure python",
        "job id": "job_id",
        "start_time": "2025-02-26 16:16:01",
        "end_time": "2025-02-26 16:16:25",
        "status": "success"
    },
    "code": {
        "github": "github",
        "commit_hash": "12345",
        "path": "path"
    },
    "job_input_params": {
        "checkpointing": false,
        "max_files": 50,
        "random_samples": -1,
        "files_to_use": [".parquet"],
        "num_processors": 0
    },
    "execution_stats": {
        "cpus": 17.0,
        "gpus": 0,
        "memory": 17.23,
        "object_store": 0,
        "execution time, min": 0.41
    },
    "job_output_stats": {
        "source_files": 51,
        "source_size": 492460,
        "result_files": 0,
        "processing_time": 23.975,
        "failed to get license": 13,
        "% with license apache-2.0": 44.74,
        "% with license cc-by-nc-4.0": 5.26,
        "% with license cc-by-4.0": 7.89,
        "% with license cc0-1.0": 2.63,
        "% with license odc-by": 7.89,
        "% with license mit": 23.68,
        "% with license ['apache-2.0']": 2.63,
        "% with license ['mit']": 2.63,
        "% with license cc-by-nc-sa-4.0": 2.63
    },
    "source": {
        "name": null,
        "type": "path"
    },
    "target": {
        "name": "dpk/transforms/universal/hf_dataset_explorer/python/output",
        "type": "path"
    }
}
